src/routes/resource.routes.ts(89,30): error TS2304: Cannot find name 'toObjectId'.
